[    0.000000] Linux version 5.15.153.1-microsoft-standard-WSL2 (root@941d701f84f1) (gcc (GCC) 11.2.0, GNU ld (GNU Binutils) 2.37) #1 SMP Fri Mar 29 23:14:13 UTC 2024
[    0.000000] Command line: initrd=\initrd.img WSL_ROOT_INIT=1 panic=-1 nr_cpus=8 hv_utils.timesync_implicit=1 console=hvc0 debug pty.legacy_count=0
[    0.000000] KERNEL supported cpus:
[    0.000000]   Intel GenuineIntel
[    0.000000]   AMD AuthenticAMD
[    0.000000]   Centaur CentaurHauls
[    0.000000] BIOS-provided physical RAM map:
[    0.000000] BIOS-e820: [mem 0x0000000000000000-0x000000000009ffff] usable
[    0.000000] BIOS-e820: [mem 0x00000000000e0000-0x00000000000e0fff] reserved
[    0.000000] BIOS-e820: [mem 0x0000000000100000-0x00000000001fffff] ACPI data
[    0.000000] BIOS-e820: [mem 0x0000000000200000-0x00000000f7ffffff] usable
[    0.000000] BIOS-e820: [mem 0x0000000100000000-0x0000000202ffffff] usable
[    0.000000] NX (Execute Disable) protection: active
[    0.000000] DMI not present or invalid.
[    0.000000] Hypervisor detected: Microsoft Hyper-V
[    0.000000] Hyper-V: privilege flags low 0x2e7f, high 0x3b8030, hints 0x24c2c, misc 0xe4bed7b6
[    0.000000] Hyper-V Host Build:22621-10.0-3-0.3930
[    0.000000] Hyper-V: Nested features: 0x3e0101
[    0.000000] Hyper-V: LAPIC Timer Frequency: 0x1e8480
[    0.000000] Hyper-V: Using hypercall for remote TLB flush
[    0.000000] clocksource: hyperv_clocksource_tsc_page: mask: 0xffffffffffffffff max_cycles: 0x24e6a1710, max_idle_ns: 440795202120 ns
[    0.000003] tsc: Marking TSC unstable due to running on Hyper-V
[    0.000007] tsc: Detected 2400.008 MHz processor
[    0.000033] e820: update [mem 0x00000000-0x00000fff] usable ==> reserved
[    0.000038] e820: remove [mem 0x000a0000-0x000fffff] usable
[    0.000043] last_pfn = 0x203000 max_arch_pfn = 0x400000000
[    0.000098] x86/PAT: Configuration [0-7]: WB  WC  UC- UC  WB  WP  UC- WT  
[    0.000115] last_pfn = 0xf8000 max_arch_pfn = 0x400000000
[    0.000129] Using GB pages for direct mapping
[    0.000256] RAMDISK: [mem 0x03dda000-0x03fe1fff]
[    0.000261] ACPI: Early table checksum verification disabled
[    0.000266] ACPI: RSDP 0x00000000000E0000 000024 (v02 VRTUAL)
[    0.000272] ACPI: XSDT 0x0000000000100000 000044 (v01 VRTUAL MICROSFT 00000001 MSFT 00000001)
[    0.000280] ACPI: FACP 0x0000000000101000 000114 (v06 VRTUAL MICROSFT 00000001 MSFT 00000001)
[    0.000287] ACPI: DSDT 0x00000000001011B8 01E191 (v02 MSFTVM DSDT01   00000001 MSFT 05000000)
[    0.000291] ACPI: FACS 0x0000000000101114 000040
[    0.000294] ACPI: OEM0 0x0000000000101154 000064 (v01 VRTUAL MICROSFT 00000001 MSFT 00000001)
[    0.000300] ACPI: SRAT 0x000000000011F349 000330 (v02 VRTUAL MICROSFT 00000001 MSFT 00000001)
[    0.000304] ACPI: APIC 0x000000000011F679 000088 (v04 VRTUAL MICROSFT 00000001 MSFT 00000001)
[    0.000307] ACPI: Reserving FACP table memory at [mem 0x101000-0x101113]
[    0.000310] ACPI: Reserving DSDT table memory at [mem 0x1011b8-0x11f348]
[    0.000311] ACPI: Reserving FACS table memory at [mem 0x101114-0x101153]
[    0.000313] ACPI: Reserving OEM0 table memory at [mem 0x101154-0x1011b7]
[    0.000314] ACPI: Reserving SRAT table memory at [mem 0x11f349-0x11f678]
[    0.000315] ACPI: Reserving APIC table memory at [mem 0x11f679-0x11f700]
[    0.002972] Zone ranges:
[    0.002980]   DMA      [mem 0x0000000000001000-0x0000000000ffffff]
[    0.002984]   DMA32    [mem 0x0000000001000000-0x00000000ffffffff]
[    0.002986]   Normal   [mem 0x0000000100000000-0x0000000202ffffff]
[    0.002988]   Device   empty
[    0.002990] Movable zone start for each node
[    0.002991] Early memory node ranges
[    0.002992]   node   0: [mem 0x0000000000001000-0x000000000009ffff]
[    0.002994]   node   0: [mem 0x0000000000200000-0x00000000f7ffffff]
[    0.002996]   node   0: [mem 0x0000000100000000-0x0000000202ffffff]
[    0.002999] Initmem setup node 0 [mem 0x0000000000001000-0x0000000202ffffff]
[    0.003949] On node 0, zone DMA: 1 pages in unavailable ranges
[    0.004061] On node 0, zone DMA: 352 pages in unavailable ranges
[    0.079613] On node 0, zone Normal: 20480 pages in unavailable ranges
[    0.079678] ACPI: LAPIC_NMI (acpi_id[0x01] dfl dfl lint[0x1])
[    0.168972] IOAPIC[0]: apic_id 8, version 17, address 0xfec00000, GSI 0-23
[    0.168986] ACPI: INT_SRC_OVR (bus 0 bus_irq 9 global_irq 9 high level)
[    0.168994] ACPI: Using ACPI (MADT) for SMP configuration information
[    0.169004] smpboot: Allowing 8 CPUs, 0 hotplug CPUs
[    0.169017] [mem 0xf8000000-0xffffffff] available for PCI devices
[    0.169019] Booting paravirtualized kernel on Hyper-V
[    0.169021] clocksource: refined-jiffies: mask: 0xffffffff max_cycles: 0xffffffff, max_idle_ns: 19112604462750000 ns
[    0.175767] setup_percpu: NR_CPUS:256 nr_cpumask_bits:256 nr_cpu_ids:8 nr_node_ids:1
[    0.176820] percpu: Embedded 54 pages/cpu s180696 r8192 d32296 u262144
[    0.176833] pcpu-alloc: s180696 r8192 d32296 u262144 alloc=1*2097152
[    0.176837] pcpu-alloc: [0] 0 1 2 3 4 5 6 7 
[    0.176857] Hyper-V: PV spinlocks enabled
[    0.176860] PV qspinlock hash table entries: 256 (order: 0, 4096 bytes, linear)
[    0.176865] Built 1 zonelists, mobility grouping on.  Total pages: 2043205
[    0.176868] Kernel command line: initrd=\initrd.img WSL_ROOT_INIT=1 panic=-1 nr_cpus=8 hv_utils.timesync_implicit=1 console=hvc0 debug pty.legacy_count=0
[    0.176967] Unknown kernel command line parameters "WSL_ROOT_INIT=1", will be passed to user space.
[    0.186322] Dentry cache hash table entries: 1048576 (order: 11, 8388608 bytes, linear)
[    0.193798] Inode-cache hash table entries: 524288 (order: 10, 4194304 bytes, linear)
[    0.193950] mem auto-init: stack:off, heap alloc:off, heap free:off
[    0.290928] Memory: 4124380K/8305276K available (18452K kernel code, 2628K rwdata, 9648K rodata, 2008K init, 1816K bss, 257220K reserved, 0K cma-reserved)
[    0.290996] SLUB: HWalign=64, Order=0-3, MinObjects=0, CPUs=8, Nodes=1
[    0.291019] ftrace: allocating 52916 entries in 207 pages
[    0.370515] ftrace: allocated 207 pages with 6 groups
[    0.403038] rcu: Hierarchical RCU implementation.
[    0.403043] rcu: 	RCU restricting CPUs from NR_CPUS=256 to nr_cpu_ids=8.
[    0.403046] 	Rude variant of Tasks RCU enabled.
[    0.403047] 	Tracing variant of Tasks RCU enabled.
[    0.403049] rcu: RCU calculated value of scheduler-enlistment delay is 10 jiffies.
[    0.403050] rcu: Adjusting geometry for rcu_fanout_leaf=16, nr_cpu_ids=8
[    0.415753] Using NULL legacy PIC
[    0.415760] NR_IRQS: 16640, nr_irqs: 488, preallocated irqs: 0
[    0.418177] random: crng init done
[    0.418307] Console: colour dummy device 80x25
[    0.418344] ACPI: Core revision 20210730
[    0.418655] Failed to register legacy timer interrupt
[    0.418661] APIC: Switch to symmetric I/O mode setup
[    0.418738] Hyper-V: Using IPI hypercalls
[    0.418743] Hyper-V: Using enlightened APIC (xapic mode)
[    0.418940] Calibrating delay loop (skipped), value calculated using timer frequency.. 4800.01 BogoMIPS (lpj=24000080)
[    0.427489] Last level iTLB entries: 4KB 64, 2MB 8, 4MB 8
[    0.427496] Last level dTLB entries: 4KB 64, 2MB 0, 4MB 0, 1GB 4
[    0.427505] Spectre V1 : Mitigation: usercopy/swapgs barriers and __user pointer sanitization
[    0.427508] Spectre V2 : Mitigation: Enhanced IBRS
[    0.427509] Spectre V2 : Spectre v2 / SpectreRSB mitigation: Filling RSB on context switch
[    0.427510] Spectre V2 : Spectre v2 / PBRSB-eIBRS: Retire a single CALL on VMEXIT
[    0.427511] RETBleed: Mitigation: Enhanced IBRS
[    0.427513] Spectre V2 : mitigation: Enabling conditional Indirect Branch Prediction Barrier
[    0.427515] Speculative Store Bypass: Mitigation: Speculative Store Bypass disabled via prctl and seccomp
[    0.427523] MMIO Stale Data: Mitigation: Clear CPU buffers
[    0.427525] SRBDS: Unknown: Dependent on hypervisor status
[    0.427526] GDS: Unknown: Dependent on hypervisor status
[    0.427543] x86/fpu: Supporting XSAVE feature 0x001: 'x87 floating point registers'
[    0.427546] x86/fpu: Supporting XSAVE feature 0x002: 'SSE registers'
[    0.427548] x86/fpu: Supporting XSAVE feature 0x004: 'AVX registers'
[    0.427551] x86/fpu: xstate_offset[2]:  576, xstate_sizes[2]:  256
[    0.427553] x86/fpu: Enabled xstate features 0x7, context size is 832 bytes, using 'compacted' format.
[    0.428935] Freeing SMP alternatives memory: 60K
[    0.428935] pid_max: default: 32768 minimum: 301
[    0.428935] LSM: Security Framework initializing
[    0.428935] landlock: Up and running.
[    0.428935] Mount-cache hash table entries: 16384 (order: 5, 131072 bytes, linear)
[    0.428935] Mountpoint-cache hash table entries: 16384 (order: 5, 131072 bytes, linear)
[    0.428935] smpboot: CPU0: Intel(R) Core(TM) i5-9300H CPU @ 2.40GHz (family: 0x6, model: 0x9e, stepping: 0xd)
[    0.428935] Performance Events: Skylake events, 32-deep LBR, full-width counters, Intel PMU driver.
[    0.428935] ... version:                4
[    0.428935] ... bit width:              48
[    0.428935] ... generic registers:      4
[    0.428935] ... value mask:             0000ffffffffffff
[    0.428935] ... max period:             00007fffffffffff
[    0.428935] ... fixed-purpose events:   3
[    0.428935] ... event mask:             000000070000000f
[    0.428935] signal: max sigframe size: 1776
[    0.428935] rcu: Hierarchical SRCU implementation.
[    0.428935] smp: Bringing up secondary CPUs ...
[    0.428935] x86: Booting SMP configuration:
[    0.428935] .... node  #0, CPUs:      #1
[    0.438935] MMIO Stale Data CPU bug present and SMT on, data leak possible. See https://www.kernel.org/doc/html/latest/admin-guide/hw-vuln/processor_mmio_stale_data.html for more details.
[    0.438935]  #2 #3 #4 #5 #6 #7
[    0.489166] smp: Brought up 1 node, 8 CPUs
[    0.489172] smpboot: Max logical packages: 1
[    0.489174] smpboot: Total of 8 processors activated (38400.12 BogoMIPS)
[    0.530452] node 0 deferred pages initialised in 30ms
[    0.530452] devtmpfs: initialized
[    0.530452] x86/mm: Memory block size: 128MB
[    0.538954] clocksource: jiffies: mask: 0xffffffff max_cycles: 0xffffffff, max_idle_ns: 19112604462750000 ns
[    0.538960] futex hash table entries: 2048 (order: 5, 131072 bytes, linear)
[    0.539365] NET: Registered PF_NETLINK/PF_ROUTE protocol family
[    0.539469] audit: initializing netlink subsys (disabled)
[    0.539502] audit: type=2000 audit(1721716316.120:1): state=initialized audit_enabled=0 res=1
[    0.539502] thermal_sys: Registered thermal governor 'step_wise'
[    0.539502] cpuidle: using governor menu
[    0.539502] ACPI: bus type PCI registered
[    0.539502] PCI: Fatal: No config space access function found
[    0.540865] kprobes: kprobe jump-optimization is enabled. All kprobes are optimized if possible.
[    0.540926] HugeTLB registered 1.00 GiB page size, pre-allocated 0 pages
[    0.540926] HugeTLB registered 2.00 MiB page size, pre-allocated 0 pages
[    0.540926] raid6: skip pq benchmark and using algorithm avx2x4
[    0.540926] raid6: using avx2x2 recovery algorithm
[    0.540926] ACPI: Added _OSI(Module Device)
[    0.540926] ACPI: Added _OSI(Processor Device)
[    0.540926] ACPI: Added _OSI(3.0 _SCP Extensions)
[    0.540926] ACPI: Added _OSI(Processor Aggregator Device)
[    0.540926] ACPI: Added _OSI(Linux-Dell-Video)
[    0.540926] ACPI: Added _OSI(Linux-Lenovo-NV-HDMI-Audio)
[    0.540926] ACPI: Added _OSI(Linux-HPI-Hybrid-Graphics)
[    0.559570] ACPI: 1 ACPI AML tables successfully acquired and loaded
[    0.682983] ACPI: Interpreter enabled
[    0.682991] ACPI: PM: (supports S0 S5)
[    0.682994] ACPI: Using IOAPIC for interrupt routing
[    0.683010] PCI: Using host bridge windows from ACPI; if necessary, use "pci=nocrs" and report a bug
[    0.687873] ACPI: Enabled 2 GPEs in block 00 to 0F
[    0.691198] iommu: Default domain type: Translated 
[    0.691203] iommu: DMA domain TLB invalidation policy: lazy mode 
[    0.691301] SCSI subsystem initialized
[    0.691315] ACPI: bus type USB registered
[    0.691327] usbcore: registered new interface driver usbfs
[    0.691335] usbcore: registered new interface driver hub
[    0.691343] usbcore: registered new device driver usb
[    0.691355] pps_core: LinuxPPS API ver. 1 registered
[    0.691356] pps_core: Software ver. 5.3.6 - Copyright 2005-2007 Rodolfo Giometti <giometti@linux.it>
[    0.691359] PTP clock support registered
[    0.691429] hv_vmbus: Vmbus version:5.3
[    0.691429] PCI: Using ACPI for IRQ routing
[    0.691429] PCI: System does not support PCI
[    0.691429] hv_vmbus: Unknown GUID: c376c1c3-d276-48d2-90a9-c04748072c60
[    0.691429] hv_vmbus: Unknown GUID: 6e382d18-3336-4f4b-acc4-2b7703d4df4a
[    0.691429] hv_vmbus: Unknown GUID: dde9cbc0-5060-4436-9448-ea1254a5d177
[    0.691429] hv_vmbus: Unknown GUID: 6e382d18-3336-4f4b-acc4-2b7703d4df4a
[    0.691429] clocksource: Switched to clocksource hyperv_clocksource_tsc_page
[    0.721040] VFS: Disk quotas dquot_6.6.0
[    0.721055] VFS: Dquot-cache hash table entries: 512 (order 0, 4096 bytes)
[    0.721078] FS-Cache: Loaded
[    0.721110] pnp: PnP ACPI init
[    0.722245] pnp: PnP ACPI: found 1 devices
[    0.728444] NET: Registered PF_INET protocol family
[    0.729312] IP idents hash table entries: 131072 (order: 8, 1048576 bytes, linear)
[    0.730297] tcp_listen_portaddr_hash hash table entries: 4096 (order: 4, 65536 bytes, linear)
[    0.730311] Table-perturb hash table entries: 65536 (order: 6, 262144 bytes, linear)
[    0.730316] TCP established hash table entries: 65536 (order: 7, 524288 bytes, linear)
[    0.730405] TCP bind hash table entries: 65536 (order: 8, 1048576 bytes, linear)
[    0.731412] TCP: Hash tables configured (established 65536 bind 65536)
[    0.731453] UDP hash table entries: 4096 (order: 5, 131072 bytes, linear)
[    0.731474] UDP-Lite hash table entries: 4096 (order: 5, 131072 bytes, linear)
[    0.731529] NET: Registered PF_UNIX/PF_LOCAL protocol family
[    0.731928] RPC: Registered named UNIX socket transport module.
[    0.731931] RPC: Registered udp transport module.
[    0.731933] RPC: Registered tcp transport module.
[    0.731934] RPC: Registered tcp NFSv4.1 backchannel transport module.
[    0.731937] PCI: CLS 0 bytes, default 64
[    0.731963] PCI-DMA: Using software bounce buffering for IO (SWIOTLB)
[    0.731965] software IO TLB: mapped [mem 0x00000000f4000000-0x00000000f8000000] (64MB)
[    0.732029] KVM: vmx: using Hyper-V Enlightened VMCS
[    0.732036] Trying to unpack rootfs image as initramfs...
[    0.748996] Freeing initrd memory: 2080K
[    1.534302] kvm: already loaded the other module
[    1.539609] Initialise system trusted keyrings
[    1.539764] workingset: timestamp_bits=46 max_order=21 bucket_order=0
[    1.541208] squashfs: version 4.0 (2009/01/31) Phillip Lougher
[    1.541464] NFS: Registering the id_resolver key type
[    1.541473] Key type id_resolver registered
[    1.541474] Key type id_legacy registered
[    1.541478] nfs4filelayout_init: NFSv4 File Layout Driver Registering...
[    1.541481] nfs4flexfilelayout_init: NFSv4 Flexfile Layout Driver Registering...
[    1.541482] Installing knfsd (copyright (C) 1996 okir@monad.swb.de).
[    1.542358] Key type cifs.idmap registered
[    1.542474] fuse: init (API version 7.34)
[    1.542708] SGI XFS with ACLs, security attributes, realtime, scrub, repair, quota, no debug enabled
[    1.543169] 9p: Installing v9fs 9p2000 file system support
[    1.543180] FS-Cache: Netfs '9p' registered for caching
[    1.543257] FS-Cache: Netfs 'ceph' registered for caching
[    1.543260] ceph: loaded (mds proto 32)
[    1.551626] NET: Registered PF_ALG protocol family
[    1.551635] xor: automatically using best checksumming function   avx       
[    1.551640] Key type asymmetric registered
[    1.551641] Asymmetric key parser 'x509' registered
[    1.551687] Block layer SCSI generic (bsg) driver version 0.4 loaded (major 248)
[    1.552237] hv_vmbus: registering driver hv_pci
[    1.554618] hv_pci 4e1f0809-5074-4b68-aa9a-ca1207d53695: PCI VMBus probing: Using version 0x10004
[    1.556380] hv_pci 4e1f0809-5074-4b68-aa9a-ca1207d53695: PCI host bridge to bus 5074:00
[    1.556386] pci_bus 5074:00: root bus resource [mem 0x9ffe00000-0x9ffe02fff window]
[    1.556389] pci_bus 5074:00: No busn resource found for root bus, will use [bus 00-ff]
[    1.557509] pci 5074:00:00.0: [1af4:1043] type 00 class 0x010000
[    1.559081] pci 5074:00:00.0: reg 0x10: [mem 0x9ffe00000-0x9ffe00fff 64bit]
[    1.559955] pci 5074:00:00.0: reg 0x18: [mem 0x9ffe01000-0x9ffe01fff 64bit]
[    1.561168] pci 5074:00:00.0: reg 0x20: [mem 0x9ffe02000-0x9ffe02fff 64bit]
[    1.566891] pci_bus 5074:00: busn_res: [bus 00-ff] end is updated to 00
[    1.566902] pci 5074:00:00.0: BAR 0: assigned [mem 0x9ffe00000-0x9ffe00fff 64bit]
[    1.567550] pci 5074:00:00.0: BAR 2: assigned [mem 0x9ffe01000-0x9ffe01fff 64bit]
[    1.568127] pci 5074:00:00.0: BAR 4: assigned [mem 0x9ffe02000-0x9ffe02fff 64bit]
[    1.569602] hv_pci aa7d649b-c4d3-48fc-b1da-ef0dded930a5: PCI VMBus probing: Using version 0x10004
[    1.570597] hv_pci aa7d649b-c4d3-48fc-b1da-ef0dded930a5: PCI host bridge to bus c4d3:00
[    1.570603] pci_bus c4d3:00: No busn resource found for root bus, will use [bus 00-ff]
[    1.571290] pci c4d3:00:00.0: [1414:008e] type 00 class 0x030200
[    1.578573] pci_bus c4d3:00: busn_res: [bus 00-ff] end is updated to 00
[    1.579237] hv_pci 8c11785b-c052-40c2-b8d4-306b51b3de0a: PCI VMBus probing: Using version 0x10004
[    1.580470] hv_pci 8c11785b-c052-40c2-b8d4-306b51b3de0a: PCI host bridge to bus c052:00
[    1.580485] pci_bus c052:00: No busn resource found for root bus, will use [bus 00-ff]
[    1.581690] pci c052:00:00.0: [1414:008e] type 00 class 0x030200
[    1.610243] pci_bus c052:00: busn_res: [bus 00-ff] end is updated to 00
[    1.610473] ACPI: AC: AC Adapter [AC1] (on-line)
[    1.617107] ACPI: battery: Slot [BAT1] (battery present)
[    1.618383] Serial: 8250/16550 driver, 4 ports, IRQ sharing disabled
[    1.748445] Non-volatile memory driver v1.3
[    1.748705] [drm] Initialized vgem 1.0.0 20120112 for vgem on minor 0
[    1.750069] printk: console [hvc0] enabled
[    1.754352] brd: module loaded
[    1.757057] loop: module loaded
[    1.759676] hv_vmbus: registering driver hv_storvsc
[    1.760433] wireguard: WireGuard 1.0.0 loaded. See www.wireguard.com for information.
[    1.766351] scsi host0: storvsc_host_t
[    1.772674] wireguard: Copyright (C) 2015-2019 Jason A. Donenfeld <Jason@zx2c4.com>. All Rights Reserved.
[    1.772714] tun: Universal TUN/TAP device driver, 1.6
[    1.772844] PPP generic driver version 2.4.2
[    1.772943] PPP BSD Compression module registered
[    1.772945] PPP Deflate Compression module registered
[    1.772949] PPP MPPE Compression module registered
[    1.772951] NET: Registered PF_PPPOX protocol family
[    1.772977] usbcore: registered new interface driver cdc_ether
[    1.772989] usbcore: registered new interface driver cdc_ncm
[    1.772994] usbcore: registered new interface driver r8153_ecm
[    1.772996] hv_vmbus: registering driver hv_netvsc
[    1.773113] VFIO - User Level meta-driver version: 0.3
[    1.773245] usbcore: registered new interface driver cdc_acm
[    1.773246] cdc_acm: USB Abstract Control Model driver for USB modems and ISDN adapters
[    1.773377] vhci_hcd vhci_hcd.0: USB/IP Virtual Host Controller
[    1.773381] vhci_hcd vhci_hcd.0: new USB bus registered, assigned bus number 1
[    1.773387] vhci_hcd: created sysfs vhci_hcd.0
[    1.773594] usb usb1: New USB device found, idVendor=1d6b, idProduct=0002, bcdDevice= 5.15
[    1.773597] usb usb1: New USB device strings: Mfr=3, Product=2, SerialNumber=1
[    1.773599] usb usb1: Product: USB/IP Virtual Host Controller
[    1.773600] usb usb1: Manufacturer: Linux 5.15.153.1-microsoft-standard-WSL2 vhci_hcd
[    1.773601] usb usb1: SerialNumber: vhci_hcd.0
[    1.773748] hub 1-0:1.0: USB hub found
[    1.773779] hub 1-0:1.0: 8 ports detected
[    1.774170] vhci_hcd vhci_hcd.0: USB/IP Virtual Host Controller
[    1.774172] vhci_hcd vhci_hcd.0: new USB bus registered, assigned bus number 2
[    1.774283] usb usb2: We don't know the algorithms for LPM for this host, disabling LPM.
[    1.774465] usb usb2: New USB device found, idVendor=1d6b, idProduct=0003, bcdDevice= 5.15
[    1.774468] usb usb2: New USB device strings: Mfr=3, Product=2, SerialNumber=1
[    1.774469] usb usb2: Product: USB/IP Virtual Host Controller
[    1.774471] usb usb2: Manufacturer: Linux 5.15.153.1-microsoft-standard-WSL2 vhci_hcd
[    1.774472] usb usb2: SerialNumber: vhci_hcd.0
[    1.774618] hub 2-0:1.0: USB hub found
[    1.774654] hub 2-0:1.0: 8 ports detected
[    1.775015] hv_vmbus: registering driver hyperv_keyboard
[    1.775032] rtc_cmos 00:00: RTC can wake from S4
[    1.796643] rtc_cmos 00:00: registered as rtc0
[    2.058769] rtc_cmos 00:00: setting system clock to 2024-07-23T06:31:58 UTC (1721716318)
[    2.059624] rtc_cmos 00:00: alarms up to one month, 114 bytes nvram
[    2.060474] device-mapper: ioctl: 4.45.0-ioctl (2021-03-22) initialised: dm-devel@redhat.com
[    2.073592] device-mapper: raid: Loading target version 1.15.1
[    2.074142] hid: raw HID events driver (C) Jiri Kosina
[    2.074644] usbcore: registered new interface driver usbhid
[    2.075074] usbhid: USB HID core driver
[    2.075485] hv_utils: Registering HyperV Utility Driver
[    2.075891] hv_vmbus: registering driver hv_utils
[    2.076313] hv_vmbus: registering driver hv_balloon
[    2.076729] hv_utils: TimeSync IC version 4.0
[    2.076812] hv_vmbus: registering driver dxgkrnl
[    2.118494] hv_balloon: Using Dynamic Memory protocol version 2.0
[    2.123518] drop_monitor: Initializing network drop monitor service
[    2.124387] Mirror/redirect action on
[    2.124685] u32 classifier
[    2.125020]     Performance counters on
[    2.125816]     input device check on
[    2.137202]     Actions configured
[    2.139505] IPVS: Registered protocols (TCP, UDP)
[    2.139999] IPVS: Connection hash table configured (size=4096, memory=32Kbytes)
[    2.140648] IPVS: ipvs loaded.
[    2.140965] IPVS: [rr] scheduler registered.
[    2.141514] IPVS: [wrr] scheduler registered.
[    2.141889] IPVS: [sh] scheduler registered.
[    2.142327] ipt_CLUSTERIP: ClusterIP Version 0.8 loaded successfully
[    2.142799] Initializing XFRM netlink socket
[    2.143248] NET: Registered PF_INET6 protocol family
[    2.144069] Segment Routing with IPv6
[    2.145139] In-situ OAM (IOAM) with IPv6
[    2.145622] NET: Registered PF_PACKET protocol family
[    2.146315] Bridge firewalling registered
[    2.146641] 8021q: 802.1Q VLAN Support v1.8
[    2.147030] sctp: Hash tables configured (bind 256/256)
[    2.147727] 9pnet: Installing 9P2000 support
[    2.153606] Key type dns_resolver registered
[    2.154041] Key type ceph registered
[    2.154606] libceph: loaded (mon/osd proto 15/24)
[    2.155236] NET: Registered PF_VSOCK protocol family
[    2.155680] hv_vmbus: registering driver hv_sock
[    2.156122] IPI shorthand broadcast: enabled
[    2.156598] sched_clock: Marking stable (2154370900, 817900)->(2541821100, -386632300)
[    2.166440] Free page reporting enabled
[    2.183688] hv_balloon: Cold memory discard hint enabled with order 9
[    2.201951] registered taskstats version 1
[    2.202953] Loading compiled-in X.509 certificates
[    2.204804] Btrfs loaded, crc32c=crc32c-generic, zoned=no, fsverity=no
[    2.206390] Freeing unused kernel image (initmem) memory: 2008K
[    2.206972] Write protecting the kernel read-only data: 30720k
[    2.208107] Freeing unused kernel image (text/rodata gap) memory: 2024K
[    2.218192] Freeing unused kernel image (rodata/data gap) memory: 592K
[    2.218693] Run /init as init process
[    2.218977]   with arguments:
[    2.219246]     /init
[    2.219454]   with environment:
[    2.219734]     HOME=/
[    2.219932]     TERM=linux
[    2.220136]     WSL_ROOT_INIT=1
[    2.276661] scsi 0:0:0:0: Direct-Access     Msft     Virtual Disk     1.0  PQ: 0 ANSI: 5
[    2.299302] sd 0:0:0:0: Attached scsi generic sg0 type 0
[    2.303056] sd 0:0:0:0: [sda] 795856 512-byte logical blocks: (407 MB/389 MiB)
[    2.304063] sd 0:0:0:0: [sda] Write Protect is on
[    2.304478] sd 0:0:0:0: [sda] Mode Sense: 0f 00 80 00
[    2.305929] sd 0:0:0:0: [sda] Write cache: disabled, read cache: enabled, doesn't support DPO or FUA
[    2.319485] sd 0:0:0:0: [sda] Attached SCSI disk
[    7.841351] scsi 0:0:0:1: Direct-Access     Msft     Virtual Disk     1.0  PQ: 0 ANSI: 5
[    7.877085] EXT4-fs (sda): mounted filesystem without journal. Opts: (null). Quota mode: none.
[    7.939795] sd 0:0:0:1: Attached scsi generic sg1 type 0
[    7.950123] sd 0:0:0:1: [sdb] 4194312 512-byte logical blocks: (2.15 GB/2.00 GiB)
[    8.282876] sd 0:0:0:1: [sdb] 4096-byte physical blocks
[    8.290094] sd 0:0:0:1: [sdb] Write Protect is off
[    8.306937] sd 0:0:0:1: [sdb] Mode Sense: 0f 00 00 00
[    8.308705] sd 0:0:0:1: [sdb] Write cache: enabled, read cache: enabled, doesn't support DPO or FUA
[    8.347258] sd 0:0:0:1: [sdb] Attached SCSI disk
[    8.422077] Adding 2097152k swap on /dev/sdb.  Priority:-2 extents:1 across:2097152k 
[    9.357825] IPv6: ADDRCONF(NETDEV_CHANGE): eth0: link becomes ready
[    9.782898] hv_pci b8446a11-2f97-4390-8c20-606cc78e6928: PCI VMBus probing: Using version 0x10004
[    9.786604] hv_pci b8446a11-2f97-4390-8c20-606cc78e6928: PCI host bridge to bus 2f97:00
[    9.787259] pci_bus 2f97:00: root bus resource [mem 0xc00000000-0xe00001fff window]
[    9.787901] pci_bus 2f97:00: No busn resource found for root bus, will use [bus 00-ff]
[    9.791005] pci 2f97:00:00.0: [1af4:105a] type 00 class 0x088000
[    9.801985] pci 2f97:00:00.0: reg 0x10: [mem 0xe00000000-0xe00000fff 64bit]
[    9.836127] pci 2f97:00:00.0: reg 0x18: [mem 0xe00001000-0xe00001fff 64bit]
[    9.840804] pci 2f97:00:00.0: reg 0x20: [mem 0xc00000000-0xdffffffff 64bit]
[    9.853566] pci_bus 2f97:00: busn_res: [bus 00-ff] end is updated to 00
[    9.854122] pci 2f97:00:00.0: BAR 4: assigned [mem 0xc00000000-0xdffffffff 64bit]
[    9.857193] pci 2f97:00:00.0: BAR 0: assigned [mem 0xe00000000-0xe00000fff 64bit]
[    9.893398] pci 2f97:00:00.0: BAR 2: assigned [mem 0xe00001000-0xe00001fff 64bit]
[    9.996041] virtiofs virtio1: Cache len: 0x200000000 @ 0xc00000000
[   10.276122] memmap_init_zone_device initialised 2097152 pages in 230ms
[   10.306000] FS-Cache: Duplicate cookie detected
[   10.306488] FS-Cache: O-cookie c=00000005 [p=00000002 fl=222 nc=0 na=1]
[   10.306918] FS-Cache: O-cookie d=0000000040277374{9P.session} n=00000000ca546052
[   10.307449] FS-Cache: O-key=[10] '34323934393338323834'
[   10.307808] FS-Cache: N-cookie c=00000006 [p=00000002 fl=2 nc=0 na=1]
[   10.308241] FS-Cache: N-cookie d=0000000040277374{9P.session} n=00000000d9749a62
[   10.308763] FS-Cache: N-key=[10] '34323934393338323834'
[   10.403782] scsi 0:0:0:2: Direct-Access     Msft     Virtual Disk     1.0  PQ: 0 ANSI: 5
[   10.477682] sd 0:0:0:2: Attached scsi generic sg2 type 0
[   10.491473] sd 0:0:0:2: [sdc] 2147483648 512-byte logical blocks: (1.10 TB/1.00 TiB)
[   10.523303] sd 0:0:0:2: [sdc] 4096-byte physical blocks
[   10.524496] sd 0:0:0:2: [sdc] Write Protect is off
[   10.524965] sd 0:0:0:2: [sdc] Mode Sense: 0f 00 00 00
[   10.528870] sd 0:0:0:2: [sdc] Write cache: enabled, read cache: enabled, doesn't support DPO or FUA
[   10.547477] sd 0:0:0:2: [sdc] Attached SCSI disk
[   10.855901] EXT4-fs (sdc): recovery complete
[   10.859900] EXT4-fs (sdc): mounted filesystem with ordered data mode. Opts: discard,errors=remount-ro,data=ordered. Quota mode: none.
[   11.350593] /sbin/ldconfig: 
[   11.350599] /usr/lib/wsl/lib/libcuda.so.1 is not a symbolic link

[   11.929440] FS-Cache: Duplicate cookie detected
[   11.945974] FS-Cache: O-cookie c=00000016 [p=00000002 fl=222 nc=0 na=1]
[   11.946508] FS-Cache: O-cookie d=0000000040277374{9P.session} n=00000000cc62bda0
[   11.947082] FS-Cache: O-key=[10] '34323934393338343436'
[   11.952229] FS-Cache: N-cookie c=00000017 [p=00000002 fl=2 nc=0 na=1]
[   11.961815] FS-Cache: N-cookie d=0000000040277374{9P.session} n=00000000158078fa
[   11.964206] FS-Cache: N-key=[10] '34323934393338343436'
[   12.195144] /sbin/ldconfig.real: 
[   12.195149] /usr/lib/wsl/lib/libcuda.so.1 is not a symbolic link

[   12.294596] FS-Cache: Duplicate cookie detected
[   12.307212] FS-Cache: O-cookie c=0000001c [p=00000002 fl=222 nc=0 na=1]
[   12.323809] FS-Cache: O-cookie d=0000000040277374{9P.session} n=00000000fd2a7bb9
[   12.324401] FS-Cache: O-key=[10] '34323934393338343833'
[   12.324757] FS-Cache: N-cookie c=0000001d [p=00000002 fl=2 nc=0 na=1]
[   12.325228] FS-Cache: N-cookie d=0000000040277374{9P.session} n=00000000338a9cc4
[   12.325766] FS-Cache: N-key=[10] '34323934393338343833'
[   12.371643] scsi 0:0:0:3: Direct-Access     Msft     Virtual Disk     1.0  PQ: 0 ANSI: 5
[   12.427814] sd 0:0:0:3: Attached scsi generic sg3 type 0
[   12.432157] sd 0:0:0:3: [sdd] 536870912 512-byte logical blocks: (275 GB/256 GiB)
[   12.562903] sd 0:0:0:3: [sdd] 4096-byte physical blocks
[   12.563966] sd 0:0:0:3: [sdd] Write Protect is off
[   12.564555] sd 0:0:0:3: [sdd] Mode Sense: 0f 00 00 00
[   12.570114] sd 0:0:0:3: [sdd] Write cache: enabled, read cache: enabled, doesn't support DPO or FUA
[   12.627964] sd 0:0:0:3: [sdd] Attached SCSI disk
[   12.674850] EXT4-fs (sdd): mounted filesystem with ordered data mode. Opts: discard,errors=remount-ro,data=ordered. Quota mode: none.
[   12.770545] misc dxg: dxgk: dxgkio_is_feature_enabled: Ioctl failed: -22
[   12.783668] /sbin/ldconfig: 
[   12.783674] /usr/lib/wsl/lib/libcuda.so.1 is not a symbolic link

[   12.797859] misc dxg: dxgk: dxgkio_query_adapter_info: Ioctl failed: -22
[   12.807006] misc dxg: dxgk: dxgkio_query_adapter_info: Ioctl failed: -22
[   12.807943] misc dxg: dxgk: dxgkio_query_adapter_info: Ioctl failed: -22
[   12.808713] misc dxg: dxgk: dxgkio_query_adapter_info: Ioctl failed: -2
[   12.810072] misc dxg: dxgk: dxgkio_query_adapter_info: Ioctl failed: -22
[   12.816164] FS-Cache: Duplicate cookie detected
[   12.824418] misc dxg: dxgk: dxgkio_query_adapter_info: Ioctl failed: -22
[   12.824499] misc dxg: dxgk: dxgkio_query_adapter_info: Ioctl failed: -22
[   12.824737] misc dxg: dxgk: dxgkio_query_adapter_info: Ioctl failed: -2
[   12.836230] FS-Cache: O-cookie c=00000021 [p=00000002 fl=222 nc=0 na=1]
[   12.839937] FS-Cache: O-cookie d=0000000040277374{9P.session} n=000000007ff31859
[   12.846111] FS-Cache: O-key=[10] '34323934393338353335'
[   12.846919] FS-Cache: N-cookie c=00000022 [p=00000002 fl=2 nc=0 na=1]
[   12.847442] FS-Cache: N-cookie d=0000000040277374{9P.session} n=0000000005639f45
[   12.848210] FS-Cache: N-key=[10] '34323934393338353335'
[   12.861481] WSL (2) ERROR: UtilCreateProcessAndWait:665: /bin/mount failed with 2
[   12.863740] WSL (1) ERROR: UtilCreateProcessAndWait:687: /bin/mount failed with status 0xff00

[   12.971844] WSL (1) ERROR: ConfigMountFsTab:2589: Processing fstab with mount -a failed.
[   12.974363] WSL (1) ERROR: ConfigApplyWindowsLibPath:2537: open /etc/ld.so.conf.d/ld.wsl.conf
[   12.974368]  failed 2
[   12.994973] WSL (3) ERROR: UtilCreateProcessAndWait:665: /bin/mount failed with 2
[   12.996315] WSL (1) ERROR: UtilCreateProcessAndWait:687: /bin/mount failed with status 0xff00

[   13.054998] WSL (4) ERROR: UtilCreateProcessAndWait:665: /bin/mount failed with 2
[   13.063791] WSL (1) ERROR: UtilCreateProcessAndWait:687: /bin/mount failed with status 0xff00

[   13.092756] WSL (5) ERROR: UtilCreateProcessAndWait:665: /bin/mount failed with 2
[   13.095579] WSL (1) ERROR: UtilCreateProcessAndWait:687: /bin/mount failed with status 0xff00

[   13.121165] WSL (1) WARNING: /usr/share/zoneinfo/Africa/Lagos not found. Is the tzdata package installed?
[   13.151264] misc dxg: dxgk: dxgkio_is_feature_enabled: Ioctl failed: -22
[   13.157764] misc dxg: dxgk: dxgkio_query_adapter_info: Ioctl failed: -22
[   13.246825] misc dxg: dxgk: dxgkio_query_adapter_info: Ioctl failed: -22
[   13.280487] misc dxg: dxgk: dxgkio_query_adapter_info: Ioctl failed: -22
[   13.292878] misc dxg: dxgk: dxgkio_query_adapter_info: Ioctl failed: -2
[   13.297441] misc dxg: dxgk: dxgkio_query_adapter_info: Ioctl failed: -22
[   13.323770] misc dxg: dxgk: dxgkio_query_adapter_info: Ioctl failed: -22
[   13.373685] misc dxg: dxgk: dxgkio_query_adapter_info: Ioctl failed: -22
[   13.451434] Failed to connect to bus: No such file or directory
[   13.465172] misc dxg: dxgk: dxgkio_query_adapter_info: Ioctl failed: -2
[   13.731038] Failed to connect to bus: No such file or directory
[   13.984993] Failed to connect to bus: No such file or directory
[   15.107261] systemd-journald[57]: Received client request to flush runtime journal.
[   23.242837] WSL (2) ERROR: WaitForBootProcess:3342: /sbin/init failed to start within 10000
[   23.242849] ms
[   23.260230] WSL (2): Creating login session for destinyobs
[   27.009946] overlayfs: missing 'lowerdir'
[   28.487266] Exception: 
[   28.487271] Operation canceled @p9io.cpp:258 (AcceptAsync)

[   28.487853] WSL (1) ERROR: InitEntryUtilityVm:2273: Init has exited. Terminating distribution
[   51.031371] hv_balloon: Max. dynamic memory size: 8112 MB
[   62.213295] nf_conntrack: default automatic helper assignment has been turned off for security reasons and CT-based firewall rule not found. Use the iptables CT target to attach helpers instead.
[  697.958559] mini_init (146): drop_caches: 1
[ 3068.003835] mini_init (146): drop_caches: 1
[ 6218.069190] mini_init (146): drop_caches: 1
[ 8557.951199] mini_init (146): drop_caches: 1
[ 8617.944457] mini_init (146): drop_caches: 1
[ 8917.946741] mini_init (146): drop_caches: 1
[ 8977.946697] mini_init (146): drop_caches: 1
[10267.956464] mini_init (146): drop_caches: 1
[10477.957820] mini_init (146): drop_caches: 1
[10567.956561] mini_init (146): drop_caches: 1
[10957.961758] mini_init (146): drop_caches: 1
[11257.960693] mini_init (146): drop_caches: 1
[12697.977038] mini_init (146): drop_caches: 1
[13027.971288] mini_init (146): drop_caches: 1
[22718.215336] mini_init (146): drop_caches: 1
